[2026-07-27 16:37:19,972][拷贝配置文件] - [INFO] - [[已复制] imp_tube_params_setting.json → C:\Users\Win\Desktop\阻抗管\阻抗管软件汇总\python\2mic_集总参数法\resources\config\imp_tube_params_setting.json] [utils.py:301]
[2026-07-27 16:37:19,973][拷贝配置文件] - [INFO] - [[已复制] output_signal_setting.json → C:\Users\Win\Desktop\阻抗管\阻抗管软件汇总\python\2mic_集总参数法\resources\config\output_signal_setting.json] [utils.py:301]
[2026-07-27 16:37:19,974][拷贝配置文件] - [INFO] - [[已复制] basic_params.json → C:\Users\Win\Desktop\阻抗管\阻抗管软件汇总\python\2mic_集总参数法\resources\config\basic_params.json] [utils.py:301]
[2026-07-27 16:37:19,975][拷贝配置文件] - [INFO] - [[已复制] calibration_coefficients.json → C:\Users\Win\Desktop\阻抗管\阻抗管软件汇总\python\2mic_集总参数法\resources\config\calibration_coefficients.json] [utils.py:301]
[2026-07-27 16:37:19,976][拷贝配置文件] - [INFO] - [[已复制] mic_calibration.json → C:\Users\Win\Desktop\阻抗管\阻抗管软件汇总\python\2mic_集总参数法\resources\config\mic_calibration.json] [utils.py:301]
[2026-07-27 16:37:19,977][拷贝配置文件] - [INFO] - [[已复制] tree_config.json → C:\Users\Win\Desktop\阻抗管\阻抗管软件汇总\python\2mic_集总参数法\resources\config\tree_config.json] [utils.py:301]
[2026-07-27 16:37:19,995][初始化选择设备] - [CRITICAL] - [找不到匹配的输入或输出设备，请重新选择] [utils.py:432]
[2026-07-27 16:51:05,723][硬件设备选择] - [INFO] - [打开硬件设备选择界面] [select_deivce_interface.py:36]
[2026-07-27 16:51:05,724][硬件设备选择] - [INFO] - [默认设备：out9, in1] [select_deivce_interface.py:61]
[2026-07-27 16:51:11,129][硬件设备选择] - [INFO] - [正在刷新设备列表...并初始化设备...] [select_deivce_interface.py:51]
[2026-07-27 16:51:11,270][初始化选择设备] - [CRITICAL] - [找不到匹配的输入或输出设备，请重新选择] [utils.py:432]
[2026-07-27 16:51:12,244][硬件设备选择] - [INFO] - [默认设备：out9, in1] [select_deivce_interface.py:61]
[2026-07-27 16:51:12,248][硬件设备选择] - [INFO] - [设备列表刷新完毕] [select_deivce_interface.py:56]
[2026-07-27 16:51:48,565][硬件设备选择] - [INFO] - [设置默认输入设备为: IN 1-4 (5- BEHRINGER UMC 404HD 192k)] [select_deivce_interface.py:219]
[2026-07-27 16:51:48,565][硬件设备选择] - [INFO] - [设置默认输出设备为: OUT 1-2 (5- BEHRINGER UMC 404HD 192k)] [select_deivce_interface.py:220]
[2026-07-27 16:51:48,575][硬件设备选择] - [INFO] - [is_clear=1，已按通道数(4)重建 mic_calibration.json -> C:\Users\Win\Desktop\阻抗管\阻抗管软件汇总\python\2mic_集总参数法\resources\config\mic_calibration.json] [utils.py:513]
[2026-07-27 16:51:51,082][硬件设备选择] - [INFO] - [关闭硬件设备选择界面] [select_deivce_interface.py:300]
[2026-07-27 16:51:53,957][阻抗管参数设置] - [INFO] - [打开阻抗管参数设置界面] [imp_tube_params_setting_interface.py:34]
[2026-07-27 16:52:02,643][阻抗管参数设置] - [INFO] - [参数保存成功] [imp_tube_params_setting_interface.py:78]
[2026-07-27 16:52:03,763][阻抗管参数设置] - [INFO] - [关闭阻抗管参数设置界面] [imp_tube_params_setting_interface.py:86]
[2026-07-27 16:52:05,354][阻抗管参数设置] - [INFO] - [打开阻抗管参数设置界面] [imp_tube_params_setting_interface.py:34]
[2026-07-27 16:52:06,732][阻抗管参数设置] - [INFO] - [关闭阻抗管参数设置界面] [imp_tube_params_setting_interface.py:86]
[2026-07-27 16:52:07,911][阻抗管参数设置] - [INFO] - [打开阻抗管参数设置界面] [imp_tube_params_setting_interface.py:34]
[2026-07-27 16:52:08,904][阻抗管参数设置] - [INFO] - [关闭阻抗管参数设置界面] [imp_tube_params_setting_interface.py:86]
[2026-07-27 16:52:10,284][输出信号设置] - [INFO] - [打开输出信号设置界面] [output_signal_setting_interface.py:43]
[2026-07-27 16:52:16,277][输出信号设置] - [INFO] - [关闭输出信号设置界面] [output_signal_setting_interface.py:185]
[2026-07-27 16:52:17,921][输出信号设置] - [INFO] - [打开输出信号设置界面] [output_signal_setting_interface.py:43]
[2026-07-27 16:56:25,003][输出信号设置] - [INFO] - [配置已保存到 C:\Users\Win\Desktop\阻抗管\阻抗管软件汇总\python\2mic_集总参数法\resources\config\output_signal_setting.json] [output_signal_setting_interface.py:121]
[2026-07-27 16:56:26,986][输出信号设置] - [INFO] - [关闭输出信号设置界面] [output_signal_setting_interface.py:185]
[2026-07-27 16:56:28,911][麦克风校准] - [INFO] - [打开麦克风校准界面] [mic_adjust_interface.py:164]
[2026-07-27 16:56:31,248][麦克风校准] - [INFO] - [最大输入通道数: 4,输出通道: 2] [mic_adjust_interface.py:368]
[2026-07-27 16:56:31,249][麦克风校准] - [INFO] - [开始播放并录音...] [mic_adjust_interface.py:378]
[2026-07-27 16:56:31,250][麦克风校准] - [INFO] - [开始流式播放并录音...dev=(34,28)] [mic_adjust_interface.py:383]
[2026-07-27 16:56:31,364][Stream] - [INFO] - [Stream 对象 已开启（流式录制开始）] [streaming_audio_processor.py:168]
[2026-07-27 16:56:36,536][Stream] - [INFO] - [Stream 对象 已停止并关闭] [streaming_audio_processor.py:203]
[2026-07-27 16:56:36,536][麦克风校准] - [INFO] - [录音完成(流式),开始处理音频数据] [mic_adjust_interface.py:109]
[2026-07-27 16:56:36,537][麦克风校准] - [INFO] - [recording shape: (239616, 4)] [mic_adjust_interface.py:110]
[2026-07-27 16:56:37,244][麦克风校准] - [INFO] - [MIC1 校准已保存: C:\Users\Win\Desktop\阻抗管\阻抗管软件汇总\python\2mic_集总参数法\！校准\MIC1.txt] [mic_adjust_interface.py:138]
[2026-07-27 16:56:37,244][麦克风校准] - [INFO] - [MIC2 校准已保存: C:\Users\Win\Desktop\阻抗管\阻抗管软件汇总\python\2mic_集总参数法\！校准\MIC2.txt] [mic_adjust_interface.py:139]
[2026-07-27 16:56:37,264][麦克风校准] - [INFO] - [画图完成] [mic_adjust_interface.py:149]
[2026-07-27 16:57:02,126][麦克风校准] - [INFO] - [关闭麦克风校准界面] [mic_adjust_interface.py:511]
[2026-07-27 16:57:03,841][麦克风校准] - [INFO] - [打开麦克风校准界面] [mic_adjust_interface.py:164]
[2026-07-27 16:57:04,875][麦克风校准] - [INFO] - [最大输入通道数: 4,输出通道: 2] [mic_adjust_interface.py:368]
[2026-07-27 16:57:04,876][麦克风校准] - [INFO] - [开始播放并录音...] [mic_adjust_interface.py:378]
[2026-07-27 16:57:04,877][麦克风校准] - [INFO] - [开始流式播放并录音...dev=(34,28)] [mic_adjust_interface.py:383]
[2026-07-27 16:57:04,986][Stream] - [INFO] - [Stream 对象 已开启（流式录制开始）] [streaming_audio_processor.py:168]
[2026-07-27 16:57:10,125][Stream] - [INFO] - [Stream 对象 已停止并关闭] [streaming_audio_processor.py:203]
[2026-07-27 16:57:10,126][麦克风校准] - [INFO] - [录音完成(流式),开始处理音频数据] [mic_adjust_interface.py:109]
[2026-07-27 16:57:10,126][麦克风校准] - [INFO] - [recording shape: (240000, 4)] [mic_adjust_interface.py:110]
[2026-07-27 16:57:10,891][麦克风校准] - [INFO] - [MIC1 校准已保存: C:\Users\Win\Desktop\阻抗管\阻抗管软件汇总\python\2mic_集总参数法\！校准\MIC1.txt] [mic_adjust_interface.py:138]
[2026-07-27 16:57:10,891][麦克风校准] - [INFO] - [MIC2 校准已保存: C:\Users\Win\Desktop\阻抗管\阻抗管软件汇总\python\2mic_集总参数法\！校准\MIC2.txt] [mic_adjust_interface.py:139]
[2026-07-27 16:57:10,907][麦克风校准] - [INFO] - [画图完成] [mic_adjust_interface.py:149]
[2026-07-27 16:57:43,199][麦克风校准] - [INFO] - [最大输入通道数: 4,输出通道: 2] [mic_adjust_interface.py:368]
[2026-07-27 16:57:43,201][麦克风校准] - [INFO] - [开始播放并录音...] [mic_adjust_interface.py:378]
[2026-07-27 16:57:43,202][麦克风校准] - [INFO] - [开始流式播放并录音...dev=(34,28)] [mic_adjust_interface.py:383]
[2026-07-27 16:57:43,306][Stream] - [INFO] - [Stream 对象 已开启（流式录制开始）] [streaming_audio_processor.py:168]
[2026-07-27 16:57:48,441][Stream] - [INFO] - [Stream 对象 已停止并关闭] [streaming_audio_processor.py:203]
[2026-07-27 16:57:48,442][麦克风校准] - [INFO] - [录音完成(流式),开始处理音频数据] [mic_adjust_interface.py:109]
[2026-07-27 16:57:48,442][麦克风校准] - [INFO] - [recording shape: (240000, 4)] [mic_adjust_interface.py:110]
[2026-07-27 16:57:49,171][麦克风校准] - [INFO] - [MIC1 校准已保存: C:\Users\Win\Desktop\阻抗管\阻抗管软件汇总\python\2mic_集总参数法\！校准\MIC1.txt] [mic_adjust_interface.py:138]
[2026-07-27 16:57:49,171][麦克风校准] - [INFO] - [MIC2 校准已保存: C:\Users\Win\Desktop\阻抗管\阻抗管软件汇总\python\2mic_集总参数法\！校准\MIC2.txt] [mic_adjust_interface.py:139]
[2026-07-27 16:57:49,187][麦克风校准] - [INFO] - [画图完成] [mic_adjust_interface.py:149]
[2026-07-27 16:57:55,575][麦克风校准] - [INFO] - [保存 mic_adjust_voltage = 0.1] [mic_adjust_interface.py:205]
[2026-07-27 16:57:56,175][麦克风校准] - [INFO] - [最大输入通道数: 4,输出通道: 2] [mic_adjust_interface.py:368]
[2026-07-27 16:57:56,177][麦克风校准] - [INFO] - [开始播放并录音...] [mic_adjust_interface.py:378]
[2026-07-27 16:57:56,178][麦克风校准] - [INFO] - [开始流式播放并录音...dev=(34,28)] [mic_adjust_interface.py:383]
[2026-07-27 16:57:56,279][Stream] - [INFO] - [Stream 对象 已开启（流式录制开始）] [streaming_audio_processor.py:168]
[2026-07-27 16:58:01,372][Stream] - [INFO] - [Stream 对象 已停止并关闭] [streaming_audio_processor.py:203]
[2026-07-27 16:58:01,372][麦克风校准] - [INFO] - [录音完成(流式),开始处理音频数据] [mic_adjust_interface.py:109]
[2026-07-27 16:58:01,372][麦克风校准] - [INFO] - [recording shape: (239616, 4)] [mic_adjust_interface.py:110]
[2026-07-27 16:58:02,189][麦克风校准] - [INFO] - [MIC1 校准已保存: C:\Users\Win\Desktop\阻抗管\阻抗管软件汇总\python\2mic_集总参数法\！校准\MIC1.txt] [mic_adjust_interface.py:138]
[2026-07-27 16:58:02,189][麦克风校准] - [INFO] - [MIC2 校准已保存: C:\Users\Win\Desktop\阻抗管\阻抗管软件汇总\python\2mic_集总参数法\！校准\MIC2.txt] [mic_adjust_interface.py:139]
[2026-07-27 16:58:02,212][麦克风校准] - [INFO] - [画图完成] [mic_adjust_interface.py:149]
[2026-07-27 16:58:11,663][麦克风校准] - [INFO] - [最大输入通道数: 4,输出通道: 2] [mic_adjust_interface.py:368]
[2026-07-27 16:58:11,664][麦克风校准] - [INFO] - [开始播放并录音...] [mic_adjust_interface.py:378]
[2026-07-27 16:58:11,665][麦克风校准] - [INFO] - [开始流式播放并录音...dev=(34,28)] [mic_adjust_interface.py:383]
[2026-07-27 16:58:11,767][Stream] - [INFO] - [Stream 对象 已开启（流式录制开始）] [streaming_audio_processor.py:168]
[2026-07-27 16:58:16,936][Stream] - [INFO] - [Stream 对象 已停止并关闭] [streaming_audio_processor.py:203]
[2026-07-27 16:58:16,937][麦克风校准] - [INFO] - [录音完成(流式),开始处理音频数据] [mic_adjust_interface.py:109]
[2026-07-27 16:58:16,938][麦克风校准] - [INFO] - [recording shape: (239616, 4)] [mic_adjust_interface.py:110]
[2026-07-27 16:58:17,741][麦克风校准] - [INFO] - [MIC1 校准已保存: C:\Users\Win\Desktop\阻抗管\阻抗管软件汇总\python\2mic_集总参数法\！校准\MIC1.txt] [mic_adjust_interface.py:138]
[2026-07-27 16:58:17,741][麦克风校准] - [INFO] - [MIC2 校准已保存: C:\Users\Win\Desktop\阻抗管\阻抗管软件汇总\python\2mic_集总参数法\！校准\MIC2.txt] [mic_adjust_interface.py:139]
[2026-07-27 16:58:17,760][麦克风校准] - [INFO] - [画图完成] [mic_adjust_interface.py:149]
[2026-07-27 16:58:24,677][麦克风校准] - [INFO] - [最大输入通道数: 4,输出通道: 2] [mic_adjust_interface.py:368]
[2026-07-27 16:58:24,679][麦克风校准] - [INFO] - [开始播放并录音...] [mic_adjust_interface.py:378]
[2026-07-27 16:58:24,680][麦克风校准] - [INFO] - [开始流式播放并录音...dev=(34,28)] [mic_adjust_interface.py:383]
[2026-07-27 16:58:24,795][Stream] - [INFO] - [Stream 对象 已开启（流式录制开始）] [streaming_audio_processor.py:168]
[2026-07-27 16:58:29,969][Stream] - [INFO] - [Stream 对象 已停止并关闭] [streaming_audio_processor.py:203]
[2026-07-27 16:58:29,970][麦克风校准] - [INFO] - [录音完成(流式),开始处理音频数据] [mic_adjust_interface.py:109]
[2026-07-27 16:58:29,970][麦克风校准] - [INFO] - [recording shape: (239616, 4)] [mic_adjust_interface.py:110]
[2026-07-27 16:58:30,744][麦克风校准] - [INFO] - [MIC1 校准已保存: C:\Users\Win\Desktop\阻抗管\阻抗管软件汇总\python\2mic_集总参数法\！校准\MIC1.txt] [mic_adjust_interface.py:138]
[2026-07-27 16:58:30,744][麦克风校准] - [INFO] - [MIC2 校准已保存: C:\Users\Win\Desktop\阻抗管\阻抗管软件汇总\python\2mic_集总参数法\！校准\MIC2.txt] [mic_adjust_interface.py:139]
[2026-07-27 16:58:30,765][麦克风校准] - [INFO] - [画图完成] [mic_adjust_interface.py:149]
[2026-07-27 16:58:33,659][麦克风校准] - [INFO] - [关闭麦克风校准界面] [mic_adjust_interface.py:511]
[2026-07-27 16:58:33,660][麦克风校准] - [INFO] - [保存 mic_adjust_voltage = 0.7] [mic_adjust_interface.py:205]
[2026-07-27 17:00:42,549][阻抗管参数设置] - [INFO] - [打开阻抗管参数设置界面] [imp_tube_params_setting_interface.py:34]
[2026-07-27 17:01:06,512][阻抗管参数设置] - [INFO] - [参数保存成功] [imp_tube_params_setting_interface.py:78]
[2026-07-27 17:01:08,031][阻抗管参数设置] - [INFO] - [关闭阻抗管参数设置界面] [imp_tube_params_setting_interface.py:86]
[2026-07-27 17:01:22,450][输出信号设置] - [INFO] - [打开输出信号设置界面] [output_signal_setting_interface.py:43]
[2026-07-27 17:01:24,388][输出信号设置] - [INFO] - [配置已保存到 C:\Users\Win\Desktop\阻抗管\阻抗管软件汇总\python\2mic_集总参数法\resources\config\output_signal_setting.json] [output_signal_setting_interface.py:121]
[2026-07-27 17:01:27,126][输出信号设置] - [INFO] - [配置已保存到 C:\Users\Win\Desktop\阻抗管\阻抗管软件汇总\python\2mic_集总参数法\resources\config\output_signal_setting.json] [output_signal_setting_interface.py:121]
[2026-07-27 17:01:29,025][输出信号设置] - [INFO] - [关闭输出信号设置界面] [output_signal_setting_interface.py:185]
[2026-07-27 17:02:12,888][输出信号设置] - [INFO] - [打开输出信号设置界面] [output_signal_setting_interface.py:43]
[2026-07-27 17:02:14,136][输出信号设置] - [INFO] - [音频已保存至：C:/Users/Win/Desktop/阻抗管/阻抗管软件汇总/python/2mic_集总参数法/audio_data/chirp_5.00s_20.0-15000.0Hz_0.10V.wav] [output_signal_setting_interface.py:173]
[2026-07-27 17:02:16,024][输出信号设置] - [INFO] - [配置已保存到 C:\Users\Win\Desktop\阻抗管\阻抗管软件汇总\python\2mic_集总参数法\resources\config\output_signal_setting.json] [output_signal_setting_interface.py:121]
[2026-07-27 17:02:20,126][输出信号设置] - [INFO] - [关闭输出信号设置界面] [output_signal_setting_interface.py:185]
[2026-07-27 17:06:51,893][初始化选择设备] - [INFO] - [匹配到输入设备 index=34：IN 1-4 (5- BEHRINGER UMC 404HD 192k) (Windows WASAPI, 48000)] [utils.py:414]
[2026-07-27 17:06:51,894][初始化选择设备] - [INFO] - [匹配到输出设备 index=28：OUT 1-2 (5- BEHRINGER UMC 404HD 192k) (Windows WASAPI, 48000)] [utils.py:425]
[2026-07-27 17:06:51,894][初始化选择设备] - [INFO] - [已设置默认输入输出设备: 34, 28] [utils.py:430]
[2026-07-28 10:18:28,040][初始化选择设备] - [INFO] - [匹配到输入设备 index=34：IN 1-4 (5- BEHRINGER UMC 404HD 192k) (Windows WASAPI, 48000)] [utils.py:413]
[2026-07-28 10:18:28,041][初始化选择设备] - [INFO] - [匹配到输出设备 index=28：OUT 1-2 (5- BEHRINGER UMC 404HD 192k) (Windows WASAPI, 48000)] [utils.py:424]
[2026-07-28 10:18:28,042][初始化选择设备] - [INFO] - [已设置默认输入输出设备: 34, 28] [utils.py:429]
[2026-07-28 10:18:42,994][硬件设备选择] - [INFO] - [打开硬件设备选择界面] [select_deivce_interface.py:36]
[2026-07-28 10:18:42,995][硬件设备选择] - [INFO] - [默认设备：out28, in34] [select_deivce_interface.py:61]
[2026-07-28 10:18:45,559][硬件设备选择] - [INFO] - [关闭硬件设备选择界面] [select_deivce_interface.py:300]
[2026-07-28 10:18:47,044][阻抗管参数设置] - [INFO] - [打开阻抗管参数设置界面] [imp_tube_params_setting_interface.py:34]
[2026-07-28 10:18:50,375][阻抗管参数设置] - [INFO] - [关闭阻抗管参数设置界面] [imp_tube_params_setting_interface.py:86]
[2026-07-28 10:18:52,890][输出信号设置] - [INFO] - [打开输出信号设置界面] [output_signal_setting_interface.py:43]
[2026-07-28 10:18:55,086][输出信号设置] - [INFO] - [关闭输出信号设置界面] [output_signal_setting_interface.py:185]
[2026-07-28 10:19:21,606][主窗口] - [INFO] - [最大输入通道数: 4,输出通道: 2] [window.py:693]
[2026-07-28 10:19:21,608][主窗口] - [INFO] - [开始流式播放并录音..] [window.py:707]
[2026-07-28 10:19:21,742][Stream] - [INFO] - [Stream 对象 已开启（流式录制开始）] [streaming_audio_processor.py:168]
[2026-07-28 10:19:26,927][Stream] - [INFO] - [Stream 对象 已停止并关闭] [streaming_audio_processor.py:203]
[2026-07-28 10:19:26,928][主窗口] - [INFO] - [录音完成(流式),开始处理音频数据] [window.py:789]
[2026-07-28 10:19:27,670][主窗口] - [INFO] - [MIC1 采集已保存: C:\Users\Win\Desktop\阻抗管\阻抗管软件汇总\python\2mic_集总参数法\！采集\MIC1.txt] [window.py:816]
[2026-07-28 10:19:27,670][主窗口] - [INFO] - [MIC2 采集已保存: C:\Users\Win\Desktop\阻抗管\阻抗管软件汇总\python\2mic_集总参数法\！采集\MIC2.txt] [window.py:817]
[2026-07-28 10:19:27,920][主窗口] - [INFO] - [画图完成！] [window.py:854]
[2026-07-28 10:19:34,247][输出信号设置] - [INFO] - [打开输出信号设置界面] [output_signal_setting_interface.py:43]
[2026-07-28 10:19:38,028][输出信号设置] - [INFO] - [配置已保存到 C:\Users\Win\Desktop\阻抗管\阻抗管软件汇总\python\2mic_集总参数法\resources\config\output_signal_setting.json] [output_signal_setting_interface.py:121]
[2026-07-28 10:19:39,736][输出信号设置] - [INFO] - [关闭输出信号设置界面] [output_signal_setting_interface.py:185]
[2026-07-28 10:19:40,557][主窗口] - [INFO] - [最大输入通道数: 4,输出通道: 2] [window.py:693]
[2026-07-28 10:19:40,559][主窗口] - [INFO] - [开始流式播放并录音..] [window.py:707]
[2026-07-28 10:19:40,660][Stream] - [INFO] - [Stream 对象 已开启（流式录制开始）] [streaming_audio_processor.py:168]
[2026-07-28 10:19:45,733][Stream] - [INFO] - [Stream 对象 已停止并关闭] [streaming_audio_processor.py:203]
[2026-07-28 10:19:45,734][主窗口] - [INFO] - [录音完成(流式),开始处理音频数据] [window.py:789]
[2026-07-28 10:19:46,491][主窗口] - [INFO] - [MIC1 采集已保存: C:\Users\Win\Desktop\阻抗管\阻抗管软件汇总\python\2mic_集总参数法\！采集\MIC1.txt] [window.py:816]
[2026-07-28 10:19:46,492][主窗口] - [INFO] - [MIC2 采集已保存: C:\Users\Win\Desktop\阻抗管\阻抗管软件汇总\python\2mic_集总参数法\！采集\MIC2.txt] [window.py:817]
[2026-07-28 10:19:46,716][主窗口] - [INFO] - [画图完成！] [window.py:854]
[2026-07-28 10:19:53,105][输出信号设置] - [INFO] - [打开输出信号设置界面] [output_signal_setting_interface.py:43]
[2026-07-28 10:19:54,547][输出信号设置] - [INFO] - [关闭输出信号设置界面] [output_signal_setting_interface.py:185]
[2026-07-28 10:21:31,480][输出信号设置] - [INFO] - [打开输出信号设置界面] [output_signal_setting_interface.py:43]
[2026-07-28 10:21:35,088][输出信号设置] - [INFO] - [配置已保存到 C:\Users\Win\Desktop\阻抗管\阻抗管软件汇总\python\2mic_集总参数法\resources\config\output_signal_setting.json] [output_signal_setting_interface.py:121]
[2026-07-28 10:21:37,225][输出信号设置] - [INFO] - [关闭输出信号设置界面] [output_signal_setting_interface.py:185]
[2026-07-28 10:21:38,034][主窗口] - [INFO] - [最大输入通道数: 4,输出通道: 2] [window.py:693]
[2026-07-28 10:21:38,035][主窗口] - [INFO] - [开始流式播放并录音..] [window.py:707]
[2026-07-28 10:21:38,148][Stream] - [INFO] - [Stream 对象 已开启（流式录制开始）] [streaming_audio_processor.py:168]
[2026-07-28 10:21:43,230][Stream] - [INFO] - [Stream 对象 已停止并关闭] [streaming_audio_processor.py:203]
[2026-07-28 10:21:43,230][主窗口] - [INFO] - [录音完成(流式),开始处理音频数据] [window.py:789]
[2026-07-28 10:21:43,982][主窗口] - [INFO] - [MIC1 采集已保存: C:\Users\Win\Desktop\阻抗管\阻抗管软件汇总\python\2mic_集总参数法\！采集\MIC1.txt] [window.py:816]
[2026-07-28 10:21:43,983][主窗口] - [INFO] - [MIC2 采集已保存: C:\Users\Win\Desktop\阻抗管\阻抗管软件汇总\python\2mic_集总参数法\！采集\MIC2.txt] [window.py:817]
[2026-07-28 10:21:44,187][主窗口] - [INFO] - [画图完成！] [window.py:854]
[2026-07-28 11:44:29,202][硬件设备选择] - [INFO] - [打开硬件设备选择界面] [select_deivce_interface.py:36]
[2026-07-28 11:44:29,205][硬件设备选择] - [INFO] - [默认设备：out28, in34] [select_deivce_interface.py:61]
[2026-07-28 11:44:30,221][硬件设备选择] - [INFO] - [正在刷新设备列表...并初始化设备...] [select_deivce_interface.py:51]
[2026-07-28 11:44:30,724][初始化选择设备] - [CRITICAL] - [找不到匹配的输入或输出设备，请重新选择] [utils.py:431]
[2026-07-28 11:44:31,624][硬件设备选择] - [INFO] - [默认设备：out28, in34] [select_deivce_interface.py:61]
[2026-07-28 11:44:31,629][硬件设备选择] - [INFO] - [设备列表刷新完毕] [select_deivce_interface.py:56]
[2026-07-28 11:44:56,683][硬件设备选择] - [INFO] - [关闭硬件设备选择界面] [select_deivce_interface.py:300]
[2026-07-28 14:08:57,949][输出信号设置] - [INFO] - [打开输出信号设置界面] [output_signal_setting_interface.py:43]
[2026-07-28 14:08:59,887][输出信号设置] - [INFO] - [关闭输出信号设置界面] [output_signal_setting_interface.py:185]
[2026-07-28 14:09:02,599][阻抗管参数设置] - [INFO] - [打开阻抗管参数设置界面] [imp_tube_params_setting_interface.py:34]
[2026-07-28 14:09:05,052][阻抗管参数设置] - [INFO] - [关闭阻抗管参数设置界面] [imp_tube_params_setting_interface.py:86]
[2026-07-28 14:23:53,366][硬件设备选择] - [INFO] - [打开硬件设备选择界面] [select_deivce_interface.py:36]
[2026-07-28 14:23:53,382][硬件设备选择] - [INFO] - [默认设备：out0, in0] [select_deivce_interface.py:61]
[2026-07-28 14:23:54,924][硬件设备选择] - [INFO] - [正在刷新设备列表...并初始化设备...] [select_deivce_interface.py:51]
[2026-07-28 14:23:54,969][初始化选择设备] - [CRITICAL] - [找不到匹配的输入或输出设备，请重新选择] [utils.py:431]
[2026-07-28 14:23:55,806][硬件设备选择] - [INFO] - [默认设备：out0, in0] [select_deivce_interface.py:61]
[2026-07-28 14:23:55,810][硬件设备选择] - [INFO] - [设备列表刷新完毕] [select_deivce_interface.py:56]
[2026-07-28 14:24:36,941][硬件设备选择] - [INFO] - [正在刷新设备列表...并初始化设备...] [select_deivce_interface.py:51]
[2026-07-28 14:24:37,094][初始化选择设备] - [INFO] - [匹配到输入设备 index=34：IN 1-4 (5- BEHRINGER UMC 404HD 192k) (Windows WASAPI, 48000)] [utils.py:413]
[2026-07-28 14:24:37,094][初始化选择设备] - [INFO] - [匹配到输出设备 index=28：OUT 1-2 (5- BEHRINGER UMC 404HD 192k) (Windows WASAPI, 48000)] [utils.py:424]
[2026-07-28 14:24:37,094][初始化选择设备] - [INFO] - [已设置默认输入输出设备: 34, 28] [utils.py:429]
[2026-07-28 14:24:37,095][硬件设备选择] - [INFO] - [默认设备：out28, in34] [select_deivce_interface.py:61]
[2026-07-28 14:24:37,097][硬件设备选择] - [INFO] - [设备列表刷新完毕] [select_deivce_interface.py:56]
[2026-07-28 14:24:49,949][硬件设备选择] - [INFO] - [设置默认输入设备为: IN 1-4 (5- BEHRINGER UMC 404HD 192k)] [select_deivce_interface.py:219]
[2026-07-28 14:24:49,949][硬件设备选择] - [INFO] - [设置默认输出设备为: OUT 1-2 (5- BEHRINGER UMC 404HD 192k)] [select_deivce_interface.py:220]
[2026-07-28 14:24:49,951][硬件设备选择] - [INFO] - [is_clear=0，mic_calibration.json 保持不变] [utils.py:516]
[2026-07-28 14:24:51,473][硬件设备选择] - [INFO] - [关闭硬件设备选择界面] [select_deivce_interface.py:300]
[2026-07-28 14:24:52,934][输出信号设置] - [INFO] - [打开输出信号设置界面] [output_signal_setting_interface.py:43]
[2026-07-28 14:24:54,506][输出信号设置] - [INFO] - [关闭输出信号设置界面] [output_signal_setting_interface.py:185]
[2026-07-28 14:24:56,959][麦克风校准] - [INFO] - [打开麦克风校准界面] [mic_adjust_interface.py:164]
[2026-07-28 14:24:57,870][麦克风校准] - [INFO] - [关闭麦克风校准界面] [mic_adjust_interface.py:507]
[2026-07-28 14:26:47,356][主窗口] - [INFO] - [最大输入通道数: 4,输出通道: 2] [window.py:693]
[2026-07-28 14:26:47,357][主窗口] - [INFO] - [开始流式播放并录音..] [window.py:707]
[2026-07-28 14:26:47,467][Stream] - [INFO] - [Stream 对象 已开启（流式录制开始）] [streaming_audio_processor.py:168]
[2026-07-28 14:26:52,537][Stream] - [INFO] - [Stream 对象 已停止并关闭] [streaming_audio_processor.py:203]
[2026-07-28 14:26:52,537][主窗口] - [INFO] - [录音完成(流式),开始处理音频数据] [window.py:789]
[2026-07-28 14:26:53,266][主窗口] - [INFO] - [MIC1 采集已保存: E:\2026\6MIT_membrane\HoleMembraneTest\！采集\MIC1.txt] [window.py:816]
[2026-07-28 14:26:53,266][主窗口] - [INFO] - [MIC2 采集已保存: E:\2026\6MIT_membrane\HoleMembraneTest\！采集\MIC2.txt] [window.py:817]
[2026-07-28 14:26:53,677][主窗口] - [INFO] - [画图完成！] [window.py:854]
[2026-07-28 14:48:27,306][阻抗管参数设置] - [INFO] - [打开阻抗管参数设置界面] [imp_tube_params_setting_interface.py:34]
[2026-07-28 14:48:30,738][阻抗管参数设置] - [INFO] - [关闭阻抗管参数设置界面] [imp_tube_params_setting_interface.py:86]
[2026-07-28 15:24:01,017][初始化选择设备] - [INFO] - [匹配到输入设备 index=34：IN 1-4 (5- BEHRINGER UMC 404HD 192k) (Windows WASAPI, 48000)] [utils.py:413]
[2026-07-28 15:24:01,021][初始化选择设备] - [INFO] - [匹配到输出设备 index=28：OUT 1-2 (5- BEHRINGER UMC 404HD 192k) (Windows WASAPI, 48000)] [utils.py:424]
[2026-07-28 15:24:01,021][初始化选择设备] - [INFO] - [已设置默认输入输出设备: 34, 28] [utils.py:429]
[2026-07-28 15:24:17,089][阻抗管参数设置] - [INFO] - [打开阻抗管参数设置界面] [imp_tube_params_setting_interface.py:34]
[2026-07-28 15:24:25,440][阻抗管参数设置] - [INFO] - [关闭阻抗管参数设置界面] [imp_tube_params_setting_interface.py:86]
[2026-07-28 15:24:33,775][主窗口] - [INFO] - [最大输入通道数: 4,输出通道: 2] [window.py:693]
[2026-07-28 15:24:33,777][主窗口] - [INFO] - [开始流式播放并录音..] [window.py:707]
[2026-07-28 15:24:33,912][Stream] - [INFO] - [Stream 对象 已开启（流式录制开始）] [streaming_audio_processor.py:168]
[2026-07-28 15:24:39,086][Stream] - [INFO] - [Stream 对象 已停止并关闭] [streaming_audio_processor.py:203]
[2026-07-28 15:24:39,086][主窗口] - [INFO] - [录音完成(流式),开始处理音频数据] [window.py:789]
[2026-07-28 15:24:39,834][主窗口] - [INFO] - [MIC1 采集已保存: E:\2026\6MIT_membrane\HoleMembraneTest\！采集\MIC1.txt] [window.py:816]
[2026-07-28 15:24:39,834][主窗口] - [INFO] - [MIC2 采集已保存: E:\2026\6MIT_membrane\HoleMembraneTest\！采集\MIC2.txt] [window.py:817]
[2026-07-28 15:24:40,085][主窗口] - [INFO] - [画图完成！] [window.py:854]
[2026-07-28 15:27:04,447][主窗口] - [INFO] - [最大输入通道数: 4,输出通道: 2] [window.py:693]
[2026-07-28 15:27:04,449][主窗口] - [INFO] - [开始流式播放并录音..] [window.py:707]
[2026-07-28 15:27:04,560][Stream] - [INFO] - [Stream 对象 已开启（流式录制开始）] [streaming_audio_processor.py:168]
[2026-07-28 15:27:09,731][Stream] - [INFO] - [Stream 对象 已停止并关闭] [streaming_audio_processor.py:203]
[2026-07-28 15:27:09,732][主窗口] - [INFO] - [录音完成(流式),开始处理音频数据] [window.py:789]
[2026-07-28 15:27:10,476][主窗口] - [INFO] - [MIC1 采集已保存: E:\2026\6MIT_membrane\HoleMembraneTest\！采集\MIC1.txt] [window.py:816]
[2026-07-28 15:27:10,477][主窗口] - [INFO] - [MIC2 采集已保存: E:\2026\6MIT_membrane\HoleMembraneTest\！采集\MIC2.txt] [window.py:817]
[2026-07-28 15:27:10,674][主窗口] - [INFO] - [画图完成！] [window.py:854]
[2026-07-28 15:34:05,936][主窗口] - [INFO] - [最大输入通道数: 4,输出通道: 2] [window.py:693]
[2026-07-28 15:34:05,937][主窗口] - [INFO] - [开始流式播放并录音..] [window.py:707]
[2026-07-28 15:34:06,046][Stream] - [INFO] - [Stream 对象 已开启（流式录制开始）] [streaming_audio_processor.py:168]
[2026-07-28 15:34:11,241][Stream] - [INFO] - [Stream 对象 已停止并关闭] [streaming_audio_processor.py:203]
[2026-07-28 15:34:11,241][主窗口] - [INFO] - [录音完成(流式),开始处理音频数据] [window.py:789]
[2026-07-28 15:34:12,036][主窗口] - [INFO] - [MIC1 采集已保存: E:\2026\6MIT_membrane\HoleMembraneTest\！采集\MIC1.txt] [window.py:816]
[2026-07-28 15:34:12,037][主窗口] - [INFO] - [MIC2 采集已保存: E:\2026\6MIT_membrane\HoleMembraneTest\！采集\MIC2.txt] [window.py:817]
[2026-07-28 15:34:12,258][主窗口] - [INFO] - [画图完成！] [window.py:854]
[2026-07-28 15:34:21,129][主窗口] - [INFO] - [最大输入通道数: 4,输出通道: 2] [window.py:693]
[2026-07-28 15:34:21,130][主窗口] - [INFO] - [开始流式播放并录音..] [window.py:707]
[2026-07-28 15:34:21,238][Stream] - [INFO] - [Stream 对象 已开启（流式录制开始）] [streaming_audio_processor.py:168]
[2026-07-28 15:34:26,434][Stream] - [INFO] - [Stream 对象 已停止并关闭] [streaming_audio_processor.py:203]
[2026-07-28 15:34:26,434][主窗口] - [INFO] - [录音完成(流式),开始处理音频数据] [window.py:789]
[2026-07-28 15:34:27,189][主窗口] - [INFO] - [MIC1 采集已保存: E:\2026\6MIT_membrane\HoleMembraneTest\！采集\MIC1.txt] [window.py:816]
[2026-07-28 15:34:27,189][主窗口] - [INFO] - [MIC2 采集已保存: E:\2026\6MIT_membrane\HoleMembraneTest\！采集\MIC2.txt] [window.py:817]
[2026-07-28 15:34:27,397][主窗口] - [INFO] - [画图完成！] [window.py:854]
[2026-07-28 16:42:58,487][初始化选择设备] - [INFO] - [匹配到输入设备 index=34：IN 1-4 (5- BEHRINGER UMC 404HD 192k) (Windows WASAPI, 48000)] [utils.py:413]
[2026-07-28 16:42:58,493][初始化选择设备] - [INFO] - [匹配到输出设备 index=28：OUT 1-2 (5- BEHRINGER UMC 404HD 192k) (Windows WASAPI, 48000)] [utils.py:424]
[2026-07-28 16:42:58,493][初始化选择设备] - [INFO] - [已设置默认输入输出设备: 34, 28] [utils.py:429]
[2026-07-28 16:43:06,370][主窗口] - [INFO] - [最大输入通道数: 4,输出通道: 2] [window.py:705]
[2026-07-28 16:43:06,372][主窗口] - [INFO] - [开始流式播放并录音..] [window.py:719]
[2026-07-28 16:43:06,488][Stream] - [INFO] - [Stream 对象 已开启（流式录制开始）] [streaming_audio_processor.py:168]
[2026-07-28 16:43:11,613][Stream] - [INFO] - [Stream 对象 已停止并关闭] [streaming_audio_processor.py:203]
[2026-07-28 16:43:11,614][主窗口] - [INFO] - [录音完成(流式),开始处理音频数据] [window.py:801]
[2026-07-28 16:43:12,358][主窗口] - [INFO] - [MIC1 采集已保存: E:\2026\6MIT_membrane\HoleMembraneTest\！采集\MIC1.txt] [window.py:828]
[2026-07-28 16:43:12,360][主窗口] - [INFO] - [MIC2 采集已保存: E:\2026\6MIT_membrane\HoleMembraneTest\！采集\MIC2.txt] [window.py:829]
[2026-07-28 16:43:12,583][主窗口] - [INFO] - [画图完成！] [window.py:866]
[2026-07-28 16:43:24,398][主窗口] - [INFO] - [双击事件: 频率(x): 122.76 Hz, 最近数据索引: 2] [window.py:238]
[2026-07-28 16:43:24,398][主窗口] - [INFO] - [对数频率位置: 2.1481), 对数幅值位置: 4.5668] [window.py:239]
[2026-07-28 16:43:24,399][主窗口] - [INFO] - [频率线性值: 140.62 Hz, 幅值线性值: 36882.7238] [window.py:240]
[2026-07-28 16:43:25,053][主窗口] - [INFO] - [双击事件: 频率(x): 99.67 Hz, 最近数据索引: 1] [window.py:238]
[2026-07-28 16:43:25,053][主窗口] - [INFO] - [对数频率位置: 1.9720), 对数幅值位置: 4.7076] [window.py:239]
[2026-07-28 16:43:25,054][主窗口] - [INFO] - [频率线性值: 93.75 Hz, 幅值线性值: 50998.1595] [window.py:240]
[2026-07-28 16:43:25,612][主窗口] - [INFO] - [双击事件: 频率(x): 290.62 Hz, 最近数据索引: 5] [window.py:238]
[2026-07-28 16:43:25,612][主窗口] - [INFO] - [对数频率位置: 2.4491), 对数幅值位置: 4.1876] [window.py:239]
[2026-07-28 16:43:25,612][主窗口] - [INFO] - [频率线性值: 281.25 Hz, 幅值线性值: 15401.4451] [window.py:240]
[2026-07-28 16:43:26,328][主窗口] - [INFO] - [双击事件: 频率(x): 136.23 Hz, 最近数据索引: 2] [window.py:238]
[2026-07-28 16:43:26,329][主窗口] - [INFO] - [对数频率位置: 2.1481), 对数幅值位置: 4.5668] [window.py:239]
[2026-07-28 16:43:26,329][主窗口] - [INFO] - [频率线性值: 140.62 Hz, 幅值线性值: 36882.7238] [window.py:240]
[2026-07-28 16:43:26,967][主窗口] - [INFO] - [双击事件: 频率(x): 286.52 Hz, 最近数据索引: 5] [window.py:238]
[2026-07-28 16:43:26,967][主窗口] - [INFO] - [对数频率位置: 2.4491), 对数幅值位置: 4.1876] [window.py:239]
[2026-07-28 16:43:26,968][主窗口] - [INFO] - [频率线性值: 281.25 Hz, 幅值线性值: 15401.4451] [window.py:240]
[2026-07-28 16:43:27,640][主窗口] - [INFO] - [双击事件: 频率(x): 151.19 Hz, 最近数据索引: 2] [window.py:238]
[2026-07-28 16:43:27,640][主窗口] - [INFO] - [对数频率位置: 2.1481), 对数幅值位置: 4.5668] [window.py:239]
[2026-07-28 16:43:27,641][主窗口] - [INFO] - [频率线性值: 140.62 Hz, 幅值线性值: 36882.7238] [window.py:240]
[2026-07-28 16:43:38,200][主窗口] - [INFO] - [双击事件: 频率(x): 223.98 Hz, 最近数据索引: 4] [window.py:238]
[2026-07-28 16:43:38,201][主窗口] - [INFO] - [对数频率位置: 2.3699), 对数幅值位置: 4.2957] [window.py:239]
[2026-07-28 16:43:38,201][主窗口] - [INFO] - [频率线性值: 234.38 Hz, 幅值线性值: 19754.5954] [window.py:240]
[2026-07-28 16:43:39,116][主窗口] - [INFO] - [双击事件: 频率(x): 142.17 Hz, 最近数据索引: 2] [window.py:238]
[2026-07-28 16:43:39,116][主窗口] - [INFO] - [对数频率位置: 2.1481), 对数幅值位置: 4.5668] [window.py:239]
[2026-07-28 16:43:39,116][主窗口] - [INFO] - [频率线性值: 140.62 Hz, 幅值线性值: 36882.7238] [window.py:240]
[2026-07-28 16:43:39,859][主窗口] - [INFO] - [双击事件: 频率(x): 73.96 Hz, 最近数据索引: 1] [window.py:238]
[2026-07-28 16:43:39,859][主窗口] - [INFO] - [对数频率位置: 1.9720), 对数幅值位置: 4.7076] [window.py:239]
[2026-07-28 16:43:39,860][主窗口] - [INFO] - [频率线性值: 93.75 Hz, 幅值线性值: 50998.1595] [window.py:240]
[2026-07-28 16:43:45,901][输入/输出校准] - [INFO] - [打开输入/输出校准] [output_voltage_interface.py:47]
[2026-07-28 16:43:48,282][输入/输出校准] - [INFO] - [关闭输入/输出校准] [output_voltage_interface.py:370]
[2026-07-28 16:51:10,242][初始化选择设备] - [INFO] - [匹配到输入设备 index=34：IN 1-4 (5- BEHRINGER UMC 404HD 192k) (Windows WASAPI, 48000)] [utils.py:413]
[2026-07-28 16:51:10,246][初始化选择设备] - [INFO] - [匹配到输出设备 index=28：OUT 1-2 (5- BEHRINGER UMC 404HD 192k) (Windows WASAPI, 48000)] [utils.py:424]
[2026-07-28 16:51:10,246][初始化选择设备] - [INFO] - [已设置默认输入输出设备: 34, 28] [utils.py:429]
[2026-07-28 16:51:21,986][主窗口] - [INFO] - [最大输入通道数: 4,输出通道: 2] [window.py:705]
[2026-07-28 16:51:21,988][主窗口] - [INFO] - [开始流式播放并录音..] [window.py:719]
[2026-07-28 16:51:22,103][Stream] - [INFO] - [Stream 对象 已开启（流式录制开始）] [streaming_audio_processor.py:168]
[2026-07-28 16:51:27,241][Stream] - [INFO] - [Stream 对象 已停止并关闭] [streaming_audio_processor.py:203]
[2026-07-28 16:51:27,242][主窗口] - [INFO] - [录音完成(流式),开始处理音频数据] [window.py:801]
[2026-07-28 16:51:27,986][主窗口] - [INFO] - [MIC1 采集已保存: E:\2026\6MIT_membrane\HoleMembraneTest\！采集\MIC1.txt] [window.py:828]
[2026-07-28 16:51:27,986][主窗口] - [INFO] - [MIC2 采集已保存: E:\2026\6MIT_membrane\HoleMembraneTest\！采集\MIC2.txt] [window.py:829]
[2026-07-28 16:51:28,204][主窗口] - [INFO] - [画图完成！] [window.py:866]
[2026-07-28 16:57:14,411][初始化选择设备] - [INFO] - [匹配到输入设备 index=34：IN 1-4 (5- BEHRINGER UMC 404HD 192k) (Windows WASAPI, 48000)] [utils.py:413]
[2026-07-28 16:57:14,415][初始化选择设备] - [INFO] - [匹配到输出设备 index=28：OUT 1-2 (5- BEHRINGER UMC 404HD 192k) (Windows WASAPI, 48000)] [utils.py:424]
[2026-07-28 16:57:14,415][初始化选择设备] - [INFO] - [已设置默认输入输出设备: 34, 28] [utils.py:429]
[2026-07-28 16:57:23,887][主窗口] - [INFO] - [最大输入通道数: 4,输出通道: 2] [window.py:705]
[2026-07-28 16:57:23,889][主窗口] - [INFO] - [开始流式播放并录音..] [window.py:719]
[2026-07-28 16:57:23,998][Stream] - [INFO] - [Stream 对象 已开启（流式录制开始）] [streaming_audio_processor.py:168]
[2026-07-28 16:57:29,125][Stream] - [INFO] - [Stream 对象 已停止并关闭] [streaming_audio_processor.py:203]
[2026-07-28 16:57:29,126][主窗口] - [INFO] - [录音完成(流式),开始处理音频数据] [window.py:801]
[2026-07-28 16:57:29,888][主窗口] - [INFO] - [MIC1 采集已保存: E:\2026\6MIT_membrane\HoleMembraneTest\！采集\MIC1.txt] [window.py:828]
[2026-07-28 16:57:29,889][主窗口] - [INFO] - [MIC2 采集已保存: E:\2026\6MIT_membrane\HoleMembraneTest\！采集\MIC2.txt] [window.py:829]
[2026-07-28 16:57:30,119][主窗口] - [INFO] - [画图完成！] [window.py:866]
[2026-07-28 17:02:10,387][初始化选择设备] - [INFO] - [匹配到输入设备 index=34：IN 1-4 (5- BEHRINGER UMC 404HD 192k) (Windows WASAPI, 48000)] [utils.py:413]
[2026-07-28 17:02:10,390][初始化选择设备] - [INFO] - [匹配到输出设备 index=28：OUT 1-2 (5- BEHRINGER UMC 404HD 192k) (Windows WASAPI, 48000)] [utils.py:424]
[2026-07-28 17:02:10,391][初始化选择设备] - [INFO] - [已设置默认输入输出设备: 34, 28] [utils.py:429]
[2026-07-28 17:02:21,504][阻抗管参数设置] - [INFO] - [打开阻抗管参数设置界面] [imp_tube_params_setting_interface.py:34]
[2026-07-28 17:02:24,552][阻抗管参数设置] - [INFO] - [关闭阻抗管参数设置界面] [imp_tube_params_setting_interface.py:86]
[2026-07-28 17:06:47,279][初始化选择设备] - [INFO] - [匹配到输入设备 index=34：IN 1-4 (5- BEHRINGER UMC 404HD 192k) (Windows WASAPI, 48000)] [utils.py:413]
[2026-07-28 17:06:47,283][初始化选择设备] - [INFO] - [匹配到输出设备 index=28：OUT 1-2 (5- BEHRINGER UMC 404HD 192k) (Windows WASAPI, 48000)] [utils.py:424]
[2026-07-28 17:06:47,283][初始化选择设备] - [INFO] - [已设置默认输入输出设备: 34, 28] [utils.py:429]
[2026-07-28 17:08:50,247][初始化选择设备] - [INFO] - [匹配到输入设备 index=34：IN 1-4 (5- BEHRINGER UMC 404HD 192k) (Windows WASAPI, 48000)] [utils.py:413]
[2026-07-28 17:08:50,250][初始化选择设备] - [INFO] - [匹配到输出设备 index=28：OUT 1-2 (5- BEHRINGER UMC 404HD 192k) (Windows WASAPI, 48000)] [utils.py:424]
[2026-07-28 17:08:50,250][初始化选择设备] - [INFO] - [已设置默认输入输出设备: 34, 28] [utils.py:429]
